<html>
<body>
<pre>
<h1>µVision Build Log</h1>
<h2>Tool Versions:</h2>
IDE-Version: ¦ÌVision V5.20.0.0
Copyright (C) 2016 ARM Ltd and ARM Germany GmbH. All rights reserved.
License Information: 1 admin, 1, LIC=Y2BRA-16X0A-330M1-CZAVT-5LI2J-QHC6I
 
Tool Versions:
Toolchain:       MDK-ARM Professional  Version: 5.20
Toolchain Path:  D:\soft\IDE\mdk\keilarm\ARM\ARMCC\Bin
C Compiler:      Armcc.exe V5.06 update 2 (build 183)
Assembler:       Armasm.exe V5.06 update 2 (build 183)
Linker/Locator:  ArmLink.exe V5.06 update 2 (build 183)
Library Manager: ArmAr.exe V5.06 update 2 (build 183)
Hex Converter:   FromElf.exe V5.06 update 2 (build 183)
CPU DLL:         SARMCM3.DLL V5.20
Dialog DLL:      DARMSTM.DLL V1.66.0.0
Target DLL:      Segger\JL2CM3.dll V2.99.20.0
Dialog DLL:      TARMSTM.DLL V1.65.0.0
 
<h2>Project:</h2>
F:\work\GPRSÔÚÏßÉý¼¶\Bootloaderv_1.1\USER\LED.uvproj
Project File Date:  04/10/2018

<h2>Output:</h2>
*** Using Compiler 'V5.06 update 2 (build 183)', folder: 'D:\soft\IDE\mdk\keilarm\ARM\ARMCC\Bin'
Build target 'Target 1'
compiling stmflash.c...
compiling main.c...
compiling stm32f10x_it.c...
stm32f10x_it.c(184): warning:  #177-D: variable "i" was declared but never referenced
  	static int i = 0;
stm32f10x_it.c: 1 warning, 0 errors
compiling usart.c...
compiling iap.c...
linking...
Program Size: Code=12040 RO-data=480 RW-data=60 ZI-data=47044  
FromELF: creating hex file...
"..\OBJ\LED.axf" - 0 Error(s), 1 Warning(s).
Build Time Elapsed:  00:00:03
</pre>
</body>
</html>
